$ echo this   has      extra spaces
this has extra spaces
$ echo this\nhas\nnewlines
this
has
newlines
$ quit

