$ echo hello
hello
$ echo goodbye
goodbye
$ quit

